Traceback (most recent call last):
  File "/Users/mateo/miniforge3/envs/mlp/lib/python3.8/site-packages/nbclient/client.py", line 776, in _async_poll_for_reply
    msg = await ensure_async(self.kc.shell_channel.get_msg(timeout=new_timeout))
  File "/Users/mateo/miniforge3/envs/mlp/lib/python3.8/site-packages/jupyter_core/utils/__init__.py", line 182, in ensure_async
    result = await obj
  File "/Users/mateo/miniforge3/envs/mlp/lib/python3.8/site-packages/jupyter_client/channels.py", line 315, in get_msg
    raise Empty
_queue.Empty

During handling of the above exception, another exception occurred:

Traceback (most recent call last):
  File "/Users/mateo/miniforge3/envs/mlp/lib/python3.8/site-packages/jupyter_cache/executors/utils.py", line 58, in single_nb_execution
    executenb(
  File "/Users/mateo/miniforge3/envs/mlp/lib/python3.8/site-packages/nbclient/client.py", line 1265, in execute
    return NotebookClient(nb=nb, resources=resources, km=km, **kwargs).execute()
  File "/Users/mateo/miniforge3/envs/mlp/lib/python3.8/site-packages/jupyter_core/utils/__init__.py", line 166, in wrapped
    return loop.run_until_complete(inner)
  File "/Users/mateo/miniforge3/envs/mlp/lib/python3.8/asyncio/base_events.py", line 616, in run_until_complete
    return future.result()
  File "/Users/mateo/miniforge3/envs/mlp/lib/python3.8/site-packages/nbclient/client.py", line 703, in async_execute
    await self.async_execute_cell(
  File "/Users/mateo/miniforge3/envs/mlp/lib/python3.8/site-packages/nbclient/client.py", line 1002, in async_execute_cell
    exec_reply = await self.task_poll_for_reply
  File "/Users/mateo/miniforge3/envs/mlp/lib/python3.8/site-packages/nbclient/client.py", line 800, in _async_poll_for_reply
    error_on_timeout_execute_reply = await self._async_handle_timeout(timeout, cell)
  File "/Users/mateo/miniforge3/envs/mlp/lib/python3.8/site-packages/nbclient/client.py", line 852, in _async_handle_timeout
    raise CellTimeoutError.error_from_timeout_and_cell(
nbclient.exceptions.CellTimeoutError: A cell timed out while it was being executed, after 300 seconds.
The message was: Cell execution timed out.
Here is a preview of the cell contents:
-------------------
['from torch.utils.data import DataLoader', '', 'n_epochs = 40', 'concept_loss_weight = 10', 'lr = 0.01']
...
['            f"Epoch [{epoch+1}/{n_epochs}], "', '            f"Step [{batch_idx+1}/{len(dataloader)}], "', '            f"Loss: {loss.item():.4f}, "', '            f"Task Accuracy: {task_acc * 100:.2f}%, "', '        )']
-------------------

